[2024-05-15T19:15:29.440-0400][gc,heap] Heap region size: 1M
[2024-05-15T19:15:29.442-0400][gc     ] Using G1
[2024-05-15T19:15:29.442-0400][gc,heap,coops] Heap address: 0x0000000780000000, size: 1024 MB, Compressed Oops mode: Zero based, Oop shift amount: 3
[2024-05-15T19:15:29.915-0400][gc,start     ] GC(0) Pause Young (Normal) (G1 Evacuation Pause)
[2024-05-15T19:15:29.915-0400][gc,task      ] GC(0) Using 9 workers of 9 for evacuation
[2024-05-15T19:15:29.920-0400][gc,phases    ] GC(0)   Pre Evacuate Collection Set: 0.0ms
[2024-05-15T19:15:29.920-0400][gc,phases    ] GC(0)   Evacuate Collection Set: 4.1ms
[2024-05-15T19:15:29.920-0400][gc,phases    ] GC(0)   Post Evacuate Collection Set: 0.3ms
[2024-05-15T19:15:29.920-0400][gc,phases    ] GC(0)   Other: 0.3ms
[2024-05-15T19:15:29.920-0400][gc,heap      ] GC(0) Eden regions: 51->0(44)
[2024-05-15T19:15:29.920-0400][gc,heap      ] GC(0) Survivor regions: 0->7(7)
[2024-05-15T19:15:29.920-0400][gc,heap      ] GC(0) Old regions: 0->2
[2024-05-15T19:15:29.920-0400][gc,heap      ] GC(0) Humongous regions: 0->0
[2024-05-15T19:15:29.920-0400][gc,metaspace ] GC(0) Metaspace: 20191K(20864K)->20191K(20864K) NonClass: 18008K(18432K)->18008K(18432K) Class: 2182K(2432K)->2182K(2432K)
[2024-05-15T19:15:29.920-0400][gc           ] GC(0) Pause Young (Normal) (G1 Evacuation Pause) 51M->8M(1024M) 4.863ms
[2024-05-15T19:15:29.920-0400][gc,cpu       ] GC(0) User=0.03s Sys=0.01s Real=0.01s
[2024-05-15T19:15:29.939-0400][gc,start     ] GC(1) Pause Young (Concurrent Start) (Metadata GC Threshold)
[2024-05-15T19:15:29.939-0400][gc,task      ] GC(1) Using 9 workers of 9 for evacuation
[2024-05-15T19:15:29.941-0400][gc,phases    ] GC(1)   Pre Evacuate Collection Set: 0.0ms
[2024-05-15T19:15:29.941-0400][gc,phases    ] GC(1)   Evacuate Collection Set: 2.0ms
[2024-05-15T19:15:29.941-0400][gc,phases    ] GC(1)   Post Evacuate Collection Set: 0.1ms
[2024-05-15T19:15:29.941-0400][gc,phases    ] GC(1)   Other: 0.1ms
[2024-05-15T19:15:29.941-0400][gc,heap      ] GC(1) Eden regions: 3->0(50)
[2024-05-15T19:15:29.941-0400][gc,heap      ] GC(1) Survivor regions: 7->1(7)
[2024-05-15T19:15:29.941-0400][gc,heap      ] GC(1) Old regions: 2->9
[2024-05-15T19:15:29.941-0400][gc,heap      ] GC(1) Humongous regions: 0->0
[2024-05-15T19:15:29.941-0400][gc,metaspace ] GC(1) Metaspace: 20814K(21248K)->20814K(21248K) NonClass: 18510K(18688K)->18510K(18688K) Class: 2304K(2560K)->2304K(2560K)
[2024-05-15T19:15:29.941-0400][gc           ] GC(1) Pause Young (Concurrent Start) (Metadata GC Threshold) 11M->9M(1024M) 2.369ms
[2024-05-15T19:15:29.941-0400][gc,cpu       ] GC(1) User=0.01s Sys=0.00s Real=0.01s
[2024-05-15T19:15:29.941-0400][gc           ] GC(2) Concurrent Cycle
[2024-05-15T19:15:29.941-0400][gc,marking   ] GC(2) Concurrent Clear Claimed Marks
[2024-05-15T19:15:29.941-0400][gc,marking   ] GC(2) Concurrent Clear Claimed Marks 0.012ms
[2024-05-15T19:15:29.941-0400][gc,marking   ] GC(2) Concurrent Scan Root Regions
[2024-05-15T19:15:29.941-0400][gc,marking   ] GC(2) Concurrent Scan Root Regions 0.081ms
[2024-05-15T19:15:29.941-0400][gc,marking   ] GC(2) Concurrent Mark (0.504s)
[2024-05-15T19:15:29.941-0400][gc,marking   ] GC(2) Concurrent Mark From Roots
[2024-05-15T19:15:29.941-0400][gc,task      ] GC(2) Using 2 workers of 2 for marking
[2024-05-15T19:15:29.943-0400][gc,marking   ] GC(2) Concurrent Mark From Roots 2.021ms
[2024-05-15T19:15:29.943-0400][gc,marking   ] GC(2) Concurrent Preclean
[2024-05-15T19:15:29.943-0400][gc,marking   ] GC(2) Concurrent Preclean 0.027ms
[2024-05-15T19:15:29.943-0400][gc,marking   ] GC(2) Concurrent Mark (0.504s, 0.507s) 2.087ms
[2024-05-15T19:15:29.943-0400][gc,start     ] GC(2) Pause Remark
[2024-05-15T19:15:29.944-0400][gc,stringtable] GC(2) Cleaned string and symbol table, strings: 7911 processed, 0 removed, symbols: 66620 processed, 17 removed
[2024-05-15T19:15:29.944-0400][gc            ] GC(2) Pause Remark 9M->9M(1024M) 0.907ms
[2024-05-15T19:15:29.944-0400][gc,cpu        ] GC(2) User=0.00s Sys=0.00s Real=0.00s
[2024-05-15T19:15:29.944-0400][gc,marking    ] GC(2) Concurrent Rebuild Remembered Sets
[2024-05-15T19:15:29.946-0400][gc,marking    ] GC(2) Concurrent Rebuild Remembered Sets 1.566ms
[2024-05-15T19:15:29.946-0400][gc,start      ] GC(2) Pause Cleanup
[2024-05-15T19:15:29.946-0400][gc            ] GC(2) Pause Cleanup 10M->10M(1024M) 0.100ms
[2024-05-15T19:15:29.946-0400][gc,cpu        ] GC(2) User=0.00s Sys=0.00s Real=0.00s
[2024-05-15T19:15:29.946-0400][gc,marking    ] GC(2) Concurrent Cleanup for Next Mark
[2024-05-15T19:15:29.947-0400][gc,marking    ] GC(2) Concurrent Cleanup for Next Mark 1.090ms
[2024-05-15T19:15:29.947-0400][gc            ] GC(2) Concurrent Cycle 6.153ms
[2024-05-15T19:15:30.425-0400][gc,start      ] GC(3) Pause Young (Normal) (G1 Evacuation Pause)
[2024-05-15T19:15:30.425-0400][gc,task       ] GC(3) Using 9 workers of 9 for evacuation
[2024-05-15T19:15:30.426-0400][gc,phases     ] GC(3)   Pre Evacuate Collection Set: 0.0ms
[2024-05-15T19:15:30.426-0400][gc,phases     ] GC(3)   Evacuate Collection Set: 0.7ms
[2024-05-15T19:15:30.426-0400][gc,phases     ] GC(3)   Post Evacuate Collection Set: 0.1ms
[2024-05-15T19:15:30.426-0400][gc,phases     ] GC(3)   Other: 0.1ms
[2024-05-15T19:15:30.426-0400][gc,heap       ] GC(3) Eden regions: 50->0(49)
[2024-05-15T19:15:30.426-0400][gc,heap       ] GC(3) Survivor regions: 1->2(7)
[2024-05-15T19:15:30.426-0400][gc,heap       ] GC(3) Old regions: 9->9
[2024-05-15T19:15:30.426-0400][gc,heap       ] GC(3) Humongous regions: 129->129
[2024-05-15T19:15:30.426-0400][gc,metaspace  ] GC(3) Metaspace: 29176K(30208K)->29176K(30208K) NonClass: 25775K(26368K)->25775K(26368K) Class: 3401K(3840K)->3401K(3840K)
[2024-05-15T19:15:30.426-0400][gc            ] GC(3) Pause Young (Normal) (G1 Evacuation Pause) 188M->139M(1024M) 1.011ms
[2024-05-15T19:15:30.426-0400][gc,cpu        ] GC(3) User=0.00s Sys=0.00s Real=0.00s
[2024-05-15T19:15:30.561-0400][gc,start      ] GC(4) Pause Young (Concurrent Start) (Metadata GC Threshold)
[2024-05-15T19:15:30.561-0400][gc,task       ] GC(4) Using 9 workers of 9 for evacuation
[2024-05-15T19:15:30.562-0400][gc,phases     ] GC(4)   Pre Evacuate Collection Set: 0.0ms
[2024-05-15T19:15:30.562-0400][gc,phases     ] GC(4)   Evacuate Collection Set: 1.5ms
[2024-05-15T19:15:30.562-0400][gc,phases     ] GC(4)   Post Evacuate Collection Set: 0.1ms
[2024-05-15T19:15:30.562-0400][gc,phases     ] GC(4)   Other: 0.1ms
[2024-05-15T19:15:30.562-0400][gc,heap       ] GC(4) Eden regions: 37->0(47)
[2024-05-15T19:15:30.562-0400][gc,heap       ] GC(4) Survivor regions: 2->4(7)
[2024-05-15T19:15:30.562-0400][gc,heap       ] GC(4) Old regions: 9->9
[2024-05-15T19:15:30.562-0400][gc,heap       ] GC(4) Humongous regions: 129->129
[2024-05-15T19:15:30.562-0400][gc,metaspace  ] GC(4) Metaspace: 35014K(35840K)->35014K(35840K) NonClass: 31161K(31616K)->31161K(31616K) Class: 3852K(4224K)->3852K(4224K)
[2024-05-15T19:15:30.562-0400][gc            ] GC(4) Pause Young (Concurrent Start) (Metadata GC Threshold) 176M->140M(1024M) 1.877ms
[2024-05-15T19:15:30.562-0400][gc,cpu        ] GC(4) User=0.01s Sys=0.00s Real=0.00s
[2024-05-15T19:15:30.563-0400][gc            ] GC(5) Concurrent Cycle
[2024-05-15T19:15:30.563-0400][gc,marking    ] GC(5) Concurrent Clear Claimed Marks
[2024-05-15T19:15:30.563-0400][gc,marking    ] GC(5) Concurrent Clear Claimed Marks 0.032ms
[2024-05-15T19:15:30.563-0400][gc,marking    ] GC(5) Concurrent Scan Root Regions
[2024-05-15T19:15:30.563-0400][gc,marking    ] GC(5) Concurrent Scan Root Regions 0.820ms
[2024-05-15T19:15:30.563-0400][gc,marking    ] GC(5) Concurrent Mark (1.127s)
[2024-05-15T19:15:30.563-0400][gc,marking    ] GC(5) Concurrent Mark From Roots
[2024-05-15T19:15:30.563-0400][gc,task       ] GC(5) Using 2 workers of 2 for marking
[2024-05-15T19:15:30.566-0400][gc,marking    ] GC(5) Concurrent Mark From Roots 2.300ms
[2024-05-15T19:15:30.566-0400][gc,marking    ] GC(5) Concurrent Preclean
[2024-05-15T19:15:30.566-0400][gc,marking    ] GC(5) Concurrent Preclean 0.026ms
[2024-05-15T19:15:30.566-0400][gc,marking    ] GC(5) Concurrent Mark (1.127s, 1.129s) 2.348ms
[2024-05-15T19:15:30.566-0400][gc,start      ] GC(5) Pause Remark
[2024-05-15T19:15:30.567-0400][gc,stringtable] GC(5) Cleaned string and symbol table, strings: 12488 processed, 9 removed, symbols: 101969 processed, 26 removed
[2024-05-15T19:15:30.567-0400][gc            ] GC(5) Pause Remark 141M->141M(1024M) 0.880ms
[2024-05-15T19:15:30.567-0400][gc,cpu        ] GC(5) User=0.01s Sys=0.00s Real=0.00s
[2024-05-15T19:15:30.567-0400][gc,marking    ] GC(5) Concurrent Rebuild Remembered Sets
[2024-05-15T19:15:30.568-0400][gc,marking    ] GC(5) Concurrent Rebuild Remembered Sets 1.634ms
[2024-05-15T19:15:30.569-0400][gc,start      ] GC(5) Pause Cleanup
[2024-05-15T19:15:30.569-0400][gc            ] GC(5) Pause Cleanup 142M->142M(1024M) 0.068ms
[2024-05-15T19:15:30.569-0400][gc,cpu        ] GC(5) User=0.00s Sys=0.00s Real=0.00s
[2024-05-15T19:15:30.569-0400][gc,marking    ] GC(5) Concurrent Cleanup for Next Mark
[2024-05-15T19:15:30.570-0400][gc,marking    ] GC(5) Concurrent Cleanup for Next Mark 1.800ms
[2024-05-15T19:15:30.570-0400][gc            ] GC(5) Concurrent Cycle 7.947ms
[2024-05-15T19:15:30.781-0400][gc,start      ] GC(6) Pause Young (Normal) (G1 Evacuation Pause)
[2024-05-15T19:15:30.781-0400][gc,task       ] GC(6) Using 9 workers of 9 for evacuation
[2024-05-15T19:15:30.783-0400][gc,phases     ] GC(6)   Pre Evacuate Collection Set: 0.0ms
[2024-05-15T19:15:30.783-0400][gc,phases     ] GC(6)   Evacuate Collection Set: 1.7ms
[2024-05-15T19:15:30.783-0400][gc,phases     ] GC(6)   Post Evacuate Collection Set: 0.2ms
[2024-05-15T19:15:30.783-0400][gc,phases     ] GC(6)   Other: 0.1ms
[2024-05-15T19:15:30.783-0400][gc,heap       ] GC(6) Eden regions: 47->0(44)
[2024-05-15T19:15:30.783-0400][gc,heap       ] GC(6) Survivor regions: 4->7(7)
[2024-05-15T19:15:30.783-0400][gc,heap       ] GC(6) Old regions: 9->9
[2024-05-15T19:15:30.783-0400][gc,heap       ] GC(6) Humongous regions: 129->129
[2024-05-15T19:15:30.783-0400][gc,metaspace  ] GC(6) Metaspace: 41160K(42560K)->41160K(42560K) NonClass: 36626K(37376K)->36626K(37376K) Class: 4534K(5184K)->4534K(5184K)
[2024-05-15T19:15:30.783-0400][gc            ] GC(6) Pause Young (Normal) (G1 Evacuation Pause) 187M->144M(1024M) 2.100ms
[2024-05-15T19:15:30.783-0400][gc,cpu        ] GC(6) User=0.02s Sys=0.00s Real=0.00s
[2024-05-15T19:58:27.243-0400][gc,start      ] GC(7) Pause Young (Normal) (G1 Evacuation Pause)
[2024-05-15T19:58:27.244-0400][gc,task       ] GC(7) Using 9 workers of 9 for evacuation
[2024-05-15T19:58:27.264-0400][gc,phases     ] GC(7)   Pre Evacuate Collection Set: 0.2ms
[2024-05-15T19:58:27.264-0400][gc,phases     ] GC(7)   Evacuate Collection Set: 18.7ms
[2024-05-15T19:58:27.264-0400][gc,phases     ] GC(7)   Post Evacuate Collection Set: 0.4ms
[2024-05-15T19:58:27.264-0400][gc,phases     ] GC(7)   Other: 1.0ms
[2024-05-15T19:58:27.264-0400][gc,heap       ] GC(7) Eden regions: 44->0(49)
[2024-05-15T19:58:27.264-0400][gc,heap       ] GC(7) Survivor regions: 7->2(7)
[2024-05-15T19:58:27.264-0400][gc,heap       ] GC(7) Old regions: 9->15
[2024-05-15T19:58:27.264-0400][gc,heap       ] GC(7) Humongous regions: 129->129
[2024-05-15T19:58:27.264-0400][gc,metaspace  ] GC(7) Metaspace: 44999K(46656K)->44999K(46656K) NonClass: 39848K(40704K)->39848K(40704K) Class: 5150K(5952K)->5150K(5952K)
[2024-05-15T19:58:27.264-0400][gc            ] GC(7) Pause Young (Normal) (G1 Evacuation Pause) 188M->145M(1024M) 20.442ms
[2024-05-15T19:58:27.264-0400][gc,cpu        ] GC(7) User=0.04s Sys=0.01s Real=0.02s
[2024-05-15T22:48:36.121-0400][gc,start      ] GC(8) Pause Young (Normal) (G1 Evacuation Pause)
[2024-05-15T22:48:36.121-0400][gc,task       ] GC(8) Using 9 workers of 9 for evacuation
[2024-05-15T22:48:36.131-0400][gc,phases     ] GC(8)   Pre Evacuate Collection Set: 0.4ms
[2024-05-15T22:48:36.131-0400][gc,phases     ] GC(8)   Evacuate Collection Set: 7.7ms
[2024-05-15T22:48:36.131-0400][gc,phases     ] GC(8)   Post Evacuate Collection Set: 0.6ms
[2024-05-15T22:48:36.131-0400][gc,phases     ] GC(8)   Other: 1.0ms
[2024-05-15T22:48:36.131-0400][gc,heap       ] GC(8) Eden regions: 49->0(50)
[2024-05-15T22:48:36.131-0400][gc,heap       ] GC(8) Survivor regions: 2->1(7)
[2024-05-15T22:48:36.131-0400][gc,heap       ] GC(8) Old regions: 15->15
[2024-05-15T22:48:36.131-0400][gc,heap       ] GC(8) Humongous regions: 129->129
[2024-05-15T22:48:36.131-0400][gc,metaspace  ] GC(8) Metaspace: 45345K(47168K)->45345K(47168K) NonClass: 40189K(41216K)->40189K(41216K) Class: 5156K(5952K)->5156K(5952K)
[2024-05-15T22:48:36.131-0400][gc            ] GC(8) Pause Young (Normal) (G1 Evacuation Pause) 194M->144M(1024M) 9.921ms
[2024-05-15T22:48:36.131-0400][gc,cpu        ] GC(8) User=0.01s Sys=0.00s Real=0.01s
[2024-05-16T00:53:01.394-0400][gc,start      ] GC(9) Pause Young (Normal) (G1 Evacuation Pause)
[2024-05-16T00:53:01.394-0400][gc,task       ] GC(9) Using 9 workers of 9 for evacuation
[2024-05-16T00:53:01.395-0400][gc,phases     ] GC(9)   Pre Evacuate Collection Set: 0.0ms
[2024-05-16T00:53:01.395-0400][gc,phases     ] GC(9)   Evacuate Collection Set: 0.8ms
[2024-05-16T00:53:01.395-0400][gc,phases     ] GC(9)   Post Evacuate Collection Set: 0.3ms
[2024-05-16T00:53:01.395-0400][gc,phases     ] GC(9)   Other: 0.1ms
[2024-05-16T00:53:01.395-0400][gc,heap       ] GC(9) Eden regions: 50->0(50)
[2024-05-16T00:53:01.395-0400][gc,heap       ] GC(9) Survivor regions: 1->1(7)
[2024-05-16T00:53:01.395-0400][gc,heap       ] GC(9) Old regions: 15->15
[2024-05-16T00:53:01.395-0400][gc,heap       ] GC(9) Humongous regions: 129->129
[2024-05-16T00:53:01.395-0400][gc,metaspace  ] GC(9) Metaspace: 45505K(47168K)->45505K(47168K) NonClass: 40328K(41216K)->40328K(41216K) Class: 5177K(5952K)->5177K(5952K)
[2024-05-16T00:53:01.395-0400][gc            ] GC(9) Pause Young (Normal) (G1 Evacuation Pause) 194M->144M(1024M) 1.343ms
[2024-05-16T00:53:01.395-0400][gc,cpu        ] GC(9) User=0.01s Sys=0.00s Real=0.00s
[2024-05-16T00:53:01.571-0400][gc,heap,exit  ] Heap
[2024-05-16T00:53:01.571-0400][gc,heap,exit  ]  garbage-first heap   total 1048576K, used 157483K [0x0000000780000000, 0x00000007c0000000)
[2024-05-16T00:53:01.571-0400][gc,heap,exit  ]   region size 1024K, 12 young (12288K), 1 survivors (1024K)
[2024-05-16T00:53:01.571-0400][gc,heap,exit  ]  Metaspace       used 46440K, capacity 48179K, committed 48320K, reserved 1091584K
[2024-05-16T00:53:01.571-0400][gc,heap,exit  ]   class space    used 5403K, capacity 6267K, committed 6336K, reserved 1048576K
